<?xml version="1.0" encoding="utf-8"?><testsuites><testsuite name="pytest" errors="0" failures="0" skipped="0" tests="25" time="2.127" timestamp="2025-10-14T13:54:08.707732" hostname="imacdeMacBook-Air.local"><testcase classname="tests.test_bl000_plan_module" name="test_create_plan_from_config" time="0.009" /><testcase classname="tests.test_bl000_plan_module" name="test_plan_instance_creation_and_task_management" time="0.006" /><testcase classname="tests.test_bl000_plan_module" name="test_plan_instance_self_driven_execution" time="1.108" /><testcase classname="tests.test_bl000_plan_module" name="test_task_instance_status_trace" time="0.112" /><testcase classname="tests.test_bl000_plan_module" name="test_plan_instance_without_listeners" time="0.612" /><testcase classname="tests.test_bl000_plan_module" name="test_plan_lifecycle_management" time="0.120" /><testcase classname="tests.test_bl001_new_plan.TestBL001NewPlan" name="test_create_plan_from_config_file" time="0.011" /><testcase classname="tests.test_bl001_new_plan.TestBL001NewPlan" name="test_create_plan_from_template" time="0.010" /><testcase classname="tests.test_bl001_new_plan.TestBL001NewPlan" name="test_create_plan_via_api" time="0.009" /><testcase classname="tests.test_bl001_new_plan.TestBL001NewPlan" name="test_plan_metadata_management" time="0.008" /><testcase classname="tests.test_bl001_new_plan.TestBL001NewPlan" name="test_create_plan_error_handling" time="0.008" /><testcase classname="tests.test_bl001_new_plan.TestBL001NewPlan" name="test_create_plan_edge_cases" time="0.008" /><testcase classname="tests.test_bl002_update_plan.TestBL002UpdatePlan" name="test_update_plan_with_versioning" time="0.006" /><testcase classname="tests.test_bl002_update_plan.TestBL002UpdatePlan" name="test_rollback_to_previous_version" time="0.006" /><testcase classname="tests.test_bl002_update_plan.TestBL002UpdatePlan" name="test_version_conflict_protection" time="0.006" /><testcase classname="tests.test_bl003_delete_plan.TestBL003DeletePlan" name="test_soft_delete_plan" time="0.006" /><testcase classname="tests.test_bl004_query_plan.TestBL004QueryPlan" name="test_search_plans_by_name" time="0.007" /><testcase classname="tests.test_bl004_query_plan.TestBL004QueryPlan" name="test_search_plans_by_tags" time="0.006" /><testcase classname="tests.test_bl004_query_plan.TestBL004QueryPlan" name="test_search_plans_by_status" time="0.006" /><testcase classname="tests.test_bl004_query_plan.TestBL004QueryPlan" name="test_search_plans_by_time_range" time="0.005" /><testcase classname="tests.test_bl004_query_plan.TestBL004QueryPlan" name="test_search_plans_full_text" time="0.005" /><testcase classname="tests.test_bl004_query_plan.TestBL004QueryPlan" name="test_search_plans_pagination" time="0.006" /><testcase classname="tests.test_bl004_query_plan.TestBL004QueryPlan" name="test_search_plans_sorting" time="0.005" /><testcase classname="tests.test_bl004_query_plan.TestBL004QueryPlan" name="test_search_plans_combined_filters" time="0.006" /><testcase classname="tests.test_bl004_query_plan.TestBL004QueryPlan" name="test_search_plans_empty_result" time="0.006" /></testsuite></testsuites>